// Jest Snapshot v1, https://goo.gl/fbAQLP

exports[`<ExpenseDashboard /> Should render Dashboard correctly 1`] = `
<div>
  Dashboard content
</div>
`;
